QA output created by 161

== Creating image ==
Formatting 'TEST_DIR/t.IMGFMT', fmt=IMGFMT size=1048576
No errors were found on the image.
wrote 524288/524288 bytes at offset 13312
512 KiB, X ops; XX:XX:XX.X (XXX YYY/sec and XXX ops/sec)

== Converting the image with dd with seek=1 ==
No errors were found on the image.

== Compare the images with qemu-img compare ==
Images are identical.

== Creating image ==
Formatting 'TEST_DIR/t.IMGFMT', fmt=IMGFMT size=1048576
No errors were found on the image.
wrote 524288/524288 bytes at offset 13312
512 KiB, X ops; XX:XX:XX.X (XXX YYY/sec and XXX ops/sec)

== Converting the image with dd with seek=2 ==
No errors were found on the image.

== Compare the images with qemu-img compare ==
Images are identical.

== Creating image ==
Formatting 'TEST_DIR/t.IMGFMT', fmt=IMGFMT size=1048576
No errors were found on the image.
wrote 524288/524288 bytes at offset 13312
512 KiB, X ops; XX:XX:XX.X (XXX YYY/sec and XXX ops/sec)

== Converting the image with dd with seek=30 ==
No errors were found on the image.

== Compare the images with qemu-img compare ==
Images are identical.

== Creating image ==
Formatting 'TEST_DIR/t.IMGFMT', fmt=IMGFMT size=1048576
No errors were found on the image.
wrote 524288/524288 bytes at offset 13312
512 KiB, X ops; XX:XX:XX.X (XXX YYY/sec and XXX ops/sec)

== Converting the image with dd with seek=30K ==
No errors were found on the image.

== Compare the images with qemu-img compare ==
Images are identical.

*** done
