QA output created by 164

== Creating image ==
Formatting 'TEST_DIR/t.IMGFMT', fmt=IMGFMT size=1048576
No errors were found on the image.
wrote 524288/524288 bytes at offset 240640
512 KiB, X ops; XX:XX:XX.X (XXX YYY/sec and XXX ops/sec)

== Converting the image with dd with seek=1 oflag=seek_bytes ==
No errors were found on the image.

== Compare the images with qemu-img compare ==
Images are identical.

== Creating image ==
Formatting 'TEST_DIR/t.IMGFMT', fmt=IMGFMT size=1048576
No errors were found on the image.
wrote 524288/524288 bytes at offset 240640
512 KiB, X ops; XX:XX:XX.X (XXX YYY/sec and XXX ops/sec)

== Converting the image with dd with seek=3 oflag=seek_bytes ==
No errors were found on the image.

== Compare the images with qemu-img compare ==
Images are identical.

== Creating image ==
Formatting 'TEST_DIR/t.IMGFMT', fmt=IMGFMT size=1048576
No errors were found on the image.
wrote 524288/524288 bytes at offset 240640
512 KiB, X ops; XX:XX:XX.X (XXX YYY/sec and XXX ops/sec)

== Converting the image with dd with seek=15 oflag=seek_bytes ==
No errors were found on the image.

== Compare the images with qemu-img compare ==
Images are identical.

== Creating image ==
Formatting 'TEST_DIR/t.IMGFMT', fmt=IMGFMT size=1048576
No errors were found on the image.
wrote 524288/524288 bytes at offset 240640
512 KiB, X ops; XX:XX:XX.X (XXX YYY/sec and XXX ops/sec)

== Converting the image with dd with seek=10K oflag=seek_bytes ==
No errors were found on the image.

== Compare the images with qemu-img compare ==
Images are identical.

== Creating image ==
Formatting 'TEST_DIR/t.IMGFMT', fmt=IMGFMT size=1048576
No errors were found on the image.
wrote 524288/524288 bytes at offset 240640
512 KiB, X ops; XX:XX:XX.X (XXX YYY/sec and XXX ops/sec)

== Converting the image with dd with seek=20M oflag=seek_bytes ==
No errors were found on the image.

== Compare the images with qemu-img compare ==
Images are identical.

== Creating image ==
Formatting 'TEST_DIR/t.IMGFMT', fmt=IMGFMT size=1048576
No errors were found on the image.
wrote 524288/524288 bytes at offset 240640
512 KiB, X ops; XX:XX:XX.X (XXX YYY/sec and XXX ops/sec)

== Converting the image with dd with seek=13K oflag=seek_bytes,direct ==
No errors were found on the image.

== Compare the images with qemu-img compare ==
Images are identical.

*** done
