QA output created by 166

== Creating image ==
Formatting 'TEST_DIR/t.IMGFMT', fmt=IMGFMT size=1048576
No errors were found on the image.
wrote 262144/262144 bytes at offset 0
256 KiB, X ops; XX:XX:XX.X (XXX YYY/sec and XXX ops/sec)
wrote 4096/4096 bytes at offset 0
4 KiB, X ops; XX:XX:XX.X (XXX YYY/sec and XXX ops/sec)
wrote 2048/2048 bytes at offset 16384
2 KiB, X ops; XX:XX:XX.X (XXX YYY/sec and XXX ops/sec)

== Converting the image with dd with conv=sparse ==
No errors were found on the image.

== Compare the images with qemu-img compare ==
Images are identical.

*** done
