QA output created by 167

== Creating image ==
Formatting 'TEST_DIR/t.IMGFMT', fmt=IMGFMT size=1048576
No errors were found on the image.
wrote 524288/524288 bytes at offset 152576
512 KiB, X ops; XX:XX:XX.X (XXX YYY/sec and XXX ops/sec)

== Converting the image with dd status=noxfer ==
No errors were found on the image.

== Compare the images with qemu-img compare ==
Images are identical.

== Compare the stat output ==

*** done
