QA output created by 168

== Creating image ==
Formatting 'TEST_DIR/t.IMGFMT', fmt=IMGFMT size=1048576
No errors were found on the image.
wrote 393216/393216 bytes at offset 578560
384 KiB, X ops; XX:XX:XX.X (XXX YYY/sec and XXX ops/sec)

== Converting the image with dd with count=1 ==
No errors were found on the image.

== Compare the images with qemu-img compare ==
Images are identical.

== Creating image ==
Formatting 'TEST_DIR/t.IMGFMT', fmt=IMGFMT size=1048576
No errors were found on the image.
wrote 393216/393216 bytes at offset 578560
384 KiB, X ops; XX:XX:XX.X (XXX YYY/sec and XXX ops/sec)

== Converting the image with dd with count=4 ==
No errors were found on the image.

== Compare the images with qemu-img compare ==
Images are identical.

== Creating image ==
Formatting 'TEST_DIR/t.IMGFMT', fmt=IMGFMT size=1048576
No errors were found on the image.
wrote 393216/393216 bytes at offset 578560
384 KiB, X ops; XX:XX:XX.X (XXX YYY/sec and XXX ops/sec)

== Converting the image with dd with count=19 ==
No errors were found on the image.

== Compare the images with qemu-img compare ==
Images are identical.

== Creating image ==
Formatting 'TEST_DIR/t.IMGFMT', fmt=IMGFMT size=1048576
No errors were found on the image.
wrote 393216/393216 bytes at offset 578560
384 KiB, X ops; XX:XX:XX.X (XXX YYY/sec and XXX ops/sec)

== Converting the image with dd with count=43K ==
No errors were found on the image.

== Compare the images with qemu-img compare ==
Images are identical.

*** done
